[dataset] v2.1 -> D:\GitHub\mneme\evaluation\datasets\v2.1.jsonl (150 cases, selected 150)
[corpus] D:\GitHub\mneme\data\v2-corpus\documents\processed
Building index from 13 source files...
Loading weights:   0%|          | 0/103 [00:00<?, ?it/s]Loading weights: 100%|██████████| 103/103 [00:00<?, ?it/s]
索引重构中...
加载: D:\GitHub\mneme\data\v2-corpus\documents\processed\art-of-war.txt
 -> text, 1195 个切片 (sections=1181, quality=native_text)
加载: D:\GitHub\mneme\data\v2-corpus\documents\processed\nodejs-fs.md
 -> text, 190 个切片 (sections=55, quality=native_text)
加载: D:\GitHub\mneme\data\v2-corpus\documents\processed\postgresql-tutorial.md
 -> text, 22 个切片 (sections=5, quality=native_text)
加载: D:\GitHub\mneme\data\v2-corpus\documents\processed\python-datetime-zh.md
 -> text, 72 个切片 (sections=37, quality=native_text)
加载: D:\GitHub\mneme\data\v2-corpus\documents\processed\python-glossary-zh.md
 -> text, 26 个切片 (sections=6, quality=native_text)
加载: D:\GitHub\mneme\data\v2-corpus\documents\processed\python-tutorial-en.md
 -> text, 258 个切片 (sections=195, quality=native_text)
加载: D:\GitHub\mneme\data\v2-corpus\documents\processed\python-tutorial-zh.md
 -> text, 212 个切片 (sections=195, quality=native_text)
加载: D:\GitHub\mneme\data\v2-corpus\documents\processed\python-whatsnew313-zh.md
 -> text, 132 个切片 (sections=112, quality=native_text)
加载: D:\GitHub\mneme\data\v2-corpus\documents\processed\react-learn-zh.md
 -> text, 44 个切片 (sections=29, quality=native_text)
加载: D:\GitHub\mneme\data\v2-corpus\documents\processed\rfc3986.txt
 -> text, 554 个切片 (sections=551, quality=native_text)
加载: D:\GitHub\mneme\data\v2-corpus\documents\processed\rust-book-core.md
 -> text, 98 个切片 (sections=60, quality=native_text)
加载: D:\GitHub\mneme\data\v2-corpus\documents\processed\sqlite-lang.md
 -> text, 83 个切片 (sections=40, quality=native_text)
加载: D:\GitHub\mneme\data\v2-corpus\documents\processed\vue-guide-zh.md
 -> text, 61 个切片 (sections=54, quality=native_text)
已索引 2947 个文档块
Index built: 2947 chunks
  [1/150] multi-011: Python 教程里提到，列表和字符串这两种数据类型有什么共性？...
  [2/150] multi-012: 那序列解包的时候，左边变量的数量和右边元素的数量要满足什么条件？...
  [3/150] multi-013: 教程里用 fibo 模块举例，如果想用 as 给导入的模块起别名，应该怎么写？...
  [4/150] multi-014: 如果 from fibo import * 引入了不该引入的名字，教程建议怎么避免这种问题？...
  [5/150] multi-015: In the Python tutorial, what does the example `rgb...
  [6/150] multi-016: What does appending to `rgba` do to `rgb` in that ...
  [7/150] multi-017: The tutorial says Python is easy to learn and powe...
  [8/150] multi-018: In the SQLite docs, what does a CHECK constraint d...
  [9/150] multi-019: Can the database file be modified externally to by...
  [10/150] multi-020: In the PostgreSQL tutorial, what is the first comm...
  [11/150] multi-021: And how do you access that database interactively?...
  [12/150] multi-022: In the Rust book, what happens to a value when its...
  [13/150] multi-023: What does the `String::from` function do when call...
  [14/150] multi-024: Vue 文档中，模板里用双大括号写的是什么语法？...
  [15/150] multi-025: v-bind 的简写语法是什么？...
  [16/150] multi-026: 响应式基础里说，Vue 3 中数据是通过什么机制变为响应式的？...
  [17/150] multi-027: SQLite 文档中，事务是如何开始的？...
  [18/150] multi-028: 那 PostgreSQL 教程里，事务块用哪些命令控制？...
  [19/150] multi-029: 那这两篇文档对事务隔离级别的定义一样吗？...
  [20/150] multi-030: 中文教程 3.1.1 节讲的是什么内容？...
  [21/150] multi-031: 英文版教程里对应的 3.1.1 小节标题是什么？...
  [22/150] multi-032: React 文档中说，React 是一个用于构建什么的 JavaScript 库？...
  [23/150] multi-033: 渲染列表时，每个数组元素需要指定什么？...
  [24/150] multi-034: State 被文档称为什么？...
  [25/150] zh-021: 教程里说，那个上次输出的表达式会被赋给哪个变量，方便做下一步计算？...
  [26/150] zh-022: 教程里讲的这个语言，它的复数是用什么后缀表示的？...
  [27/150] zh-023: 教程中 range(10) 会生成几个值？...
  [28/150] zh-024: 教程中 for 循环里的 else 子句在什么情况下会执行？...
  [29/150] zh-025: Python 教程中，创建空集合应该用什么函数，而不能用花括号？...
  [30/150] zh-026: 教程里说，从列表中删除切片可以用什么语句？...
  [31/150] zh-027: 教程中表达式内部赋值必须显式使用哪个运算符，以避免和 C 语言混淆？...
  [32/150] zh-028: 教程里那个关于文件的例子中，用 open 打开文件时推荐的编码参数值是什么？...
  [33/150] zh-029: 教程中提到，用哪个标准库模块可以把结构化数据保存成 JSON 格式？...
  [34/150] zh-030: 教程里把错误分成了哪两大类？...
  [35/150] zh-031: try 语句的 except 子句里，类匹配的规则是什么？...
  [36/150] zh-032: 教程中 ExceptionGroup 是用来做什么的？...
  [37/150] zh-033: 教程里 finally 子句的作用是什么？...
  [38/150] zh-034: 类定义进入时，会创建一个什么对象作为局部作用域？...
  [39/150] zh-035: 教程里那个存放斐波那契数列函数的文件叫什么名字？...
  [40/150] zh-036: 模块的编译版本缓存在哪个目录里？...
  [41/150] zh-037: dir() 内置函数返回的结果是什么形式的？...
  [42/150] en-021: In the tutorial, how do you reference the last cha...
  [43/150] en-022: Which statement in the tutorial compares an expres...
  [44/150] en-023: According to the coding style section, how many sp...
  [45/150] en-024: In SQLite, what does the phrase "Small. Fast. Reli...
  [46/150] en-025: Which SQL statement is used to query the database ...
  [47/150] en-026: What is the first form of INSERT that creates one ...
  [48/150] en-027: In the PostgreSQL tutorial, what is the recommende...
  [49/150] en-028: What does the advanced chapter say a transactional...
  [50/150] en-029: What are the ownership rules in the Rust book?...
  [51/150] en-030: Which data type does the Rust book introduce first...
  [52/150] en-031: Which RFC document defines the URI generic syntax?...
  [53/150] en-032: In the Node.js fs docs, which class wraps a numeri...
  [54/150] mixed-016: 术语表里，argument 和 parameter 的中文译名分别是什么？...
  [55/150] mixed-017: 术语表中 atomic operation 的中文名称是什么？...
  [56/150] mixed-018: React 文档中，更新 state 中的数组时应该怎样做？...
  [57/150] mixed-019: Vue 文档中，ref 与普通变量的一个区别是什么？...
  [58/150] mixed-020: SQLite 文档中，CREATE TABLE ... AS SELECT 语句的作用是什么？...
  [59/150] zh-038: 这份 Python 教程文档是面向什么样的读者设计的？...
  [60/150] zh-039: 教程中提到，Python 解释器和标准库在哪里免费提供？...
  [61/150] zh-040: 教程一共包含哪些章节？（说出至少三个章节名）...
  [62/150] zh-041: 教程中提到，包是通过什么方式来构造 Python 模块命名空间的？...
  [63/150] zh-042: 教程里演示字符串切片时，用的是什么单词作为示例？...
  [64/150] zh-043: 教程中关于作用域，最内层作用域包含什么名称？...
  [65/150] zh-044: 教程中 5.4 节讲的是哪种数据类型？...
  [66/150] en-033: In RFC 3986, which section covers percent-encoding...
  [67/150] en-034: Who are the authors of RFC 3986 listed in the docu...
  [68/150] en-035: In the Node.js fs documentation, since which versi...
  [69/150] en-036: What is the default value of `highWaterMark` for t...
  [70/150] en-037: Which section of the SQLite doc explains that "Unl...
  [71/150] en-038: Which chapter of the PostgreSQL tutorial covers vi...
  [72/150] en-039: Which section of the Rust book explains references...
  [73/150] mixed-021: 术语表中 REPL 的全称是什么？...
  [74/150] mixed-022: 术语表中，decorator 条目用的是中文还是英文解释？...
  [75/150] mixed-023: React 文档中，使用 useReducer 的示例组件叫什么？...
  [76/150] mixed-024: Python 术语表中，free-threaded build 对应的中文是什么？...
  [77/150] mixed-025: Python 3.13 新特性文档的编者是谁？（见文档开头）...
  [78/150] zh-045: 教程正文和 3.13 新特性文档里都出现了 GIL 这个词，它们各自在什么语境下提到它？...
  [79/150] zh-046: SQLite 和 PostgreSQL 的文档里都讲了数据库创建，两边的说法有什么不同？...
  [80/150] zh-047: 中文教程和英文教程对第 3 章章节编号的用法一致吗？...
  [81/150] zh-048: 术语表说 mutable 是什么？而 datetime 文档中哪个类是 immutable 的？...
  [82/150] zh-049: Vue 和 React 的文档各自怎么称呼"组件在模板/界面中的复用单元"？...
  [83/150] zh-050: 3.13 新特性文档中提到 datetime 模块有哪些变化？...
  [84/150] zh-051: 教程里提到 REPL 相关的交互式使用，术语表里 REPL 的全称是什么？...
  [85/150] zh-052: SQLite 与 PostgreSQL 文档中，对"事务"一词的出现位置有什么差异？...
  [86/150] zh-053: Python 教程讲文件读写用的 open()，Node.js 文档里对应的函数族叫什么？...
  [87/150] zh-054: 术语表中 free-threaded build 条目与 3.13 新特性中的自由线程章节，对 --...
  [88/150] en-040: Compare how the SQLite syntax page and the Postgre...
  [89/150] en-041: The Python tutorial says simple assignment never c...
  [90/150] en-042: RFC 3986 defines URI syntax — does the Node.js fs ...
  [91/150] en-043: Which of the two database documents mentions type ...
  [92/150] en-044: Where does each document describe how data is pass...
  [93/150] en-045: Both the Python tutorial and RFC 3986 discuss stri...
  [94/150] en-046: How do the Python tutorial and the Node.js fs docs...
  [95/150] en-047: Which document covers JOIN operations in SQL: the ...
  [96/150] en-048: The tutorial mentions window functions in PostgreS...
  [97/150] en-049: The Rust book introduces the String type — which S...
  [98/150] en-050: Node.js fs supports file URL paths — which RFC def...
  [99/150] en-051: Python lists are sequences; how does SQLite model ...
  [100/150] en-052: Both PostgreSQL and Rust documents discuss guarant...
  [101/150] en-053: Both the Art of War and the SQLite docs praise fle...
  [102/150] mixed-026: 中文教程把第 3 章叫做 Python 速览，英文教程叫 An Informal Introduct...
  [103/150] mixed-027: 术语表说 atomic operation 不可再分，SQLite 文档里事务的原子性体现在哪？...
  [104/150] mixed-028: Vue 的响应式（reactive）和 React 的 state 在概念上有什么共同点？...
  [105/150] mixed-029: 术语表里 free-threaded build 与 3.13 新特性的自由线程章节，构建方式说法是...
  [106/150] mixed-030: Python 教程里介绍类和组件概念，React 文档中的组件概念和它有什么对应？...
  [107/150] mixed-031: 术语表对 mutable 的定义，和 datetime 文档中日期对象的性质一致吗？...
  [108/150] mixed-032: SQLite 语法页与 PostgreSQL 教程中，哪个文档有专门的 JOIN 讲解？...
  [109/150] zh-055: 教程里 print(f'Results of the {year} {event}') 这种写法叫什...
  [110/150] zh-056: str() 和 repr() 函数有什么区别？请根据教程举例说明。...
  [111/150] zh-057: 教程中 3.2 节的 while 循环例子用到了多重赋值，请说明等号右边表达式的求值时机。...
  [112/150] zh-058: 教程里说列表是 mutable 的，而字符串是 immutable 的，这具体意味着什么？...
  [113/150] zh-059: 教程第 6 章之前，第 5 章讲完数据结构后，接下来介绍的是哪个主题？...
  [114/150] en-054: The SQLite doc mentions rowid — in which table typ...
  [115/150] en-055: The Rust book says values are moved rather than co...
  [116/150] en-056: In the fs docs, `fsPromises.cp` was no longer expe...
  [117/150] en-057: RFC 3986 defines both `gen-delims` and `sub-delims...
  [118/150] mixed-033: 术语表里 static type checker 和 stdlib 分别指什么？...
  [119/150] mixed-034: 3.13 新特性里 REPL 与 JIT 各有什么改进？...
  [120/150] mixed-035: 术语表中，generator iterator 的中文名和 bytecode 的中文名是什么？...
  [121/150] noanswer-026: Python 教程中介绍了 pandas 库的 DataFrame 用法吗？...
  [122/150] noanswer-027: 教程里讲没讲过 Django 框架的部署方式？...
  [123/150] noanswer-028: Python 3.13 新特性文档中提到 Go 语言的相关内容了吗？...
  [124/150] noanswer-029: 术语表中有没有 Django 的条目？...
  [125/150] noanswer-030: 教程中对比了 Python 与 C 语言的具体性能数据吗？...
  [126/150] noanswer-031: 教程里说明了 CPython 解释器的 C 源码在哪个仓库路径吗？...
  [127/150] noanswer-032: SQLite 语法文档里 PRAGMA journal_mode 的用法说明在哪？...
  [128/150] noanswer-033: PostgreSQL 教程中讲流式复制（streaming replication）的配置了吗？...
  [129/150] noanswer-034: Vue 指南文档里有专门的 TypeScript 章节吗？...
  [130/150] noanswer-035: React 文档中介绍了 Testing（测试）章节吗？...
  [131/150] noanswer-036: Rust 书中第 7 章讲模块系统的内容是什么？...
  [132/150] noanswer-037: Where does the PostgreSQL tutorial explain CREATE ...
  [133/150] noanswer-038: Does RFC 3986 define the about: URI scheme?...
  [134/150] noanswer-039: Does the Node.js fs doc describe inotify internals...
  [135/150] noanswer-040: Does the Rust book (chapters included in this corp...
  [136/150] noanswer-041: Does the Python tutorial explain how to use matplo...
  [137/150] noanswer-042: Does RFC 3986 cover internationalized URIs (IRI)?...
  [138/150] noanswer-043: What are the birth and death years of Sun Tzu per ...
  [139/150] noanswer-044: Where does the SQLite syntax doc explain WAL journ...
  [140/150] noanswer-045: Does the PostgreSQL tutorial cover logical replica...
  [141/150] noanswer-046: Does the included Rust book chapters explain how t...
  [142/150] noanswer-047: Does the Node.js fs documentation cover disk quota...
  [143/150] noanswer-048: Where does RFC 3986 define the http scheme in deta...
  [144/150] noanswer-049: Does the Art of War chapter on fire attack provide...
  [145/150] noanswer-050: Does the Python tutorial introduce the unittest fr...
  [146/150] noanswer-051: 教程或术语表里提到机器学习框架（如 scikit-learn）的内容了吗？...
  [147/150] noanswer-052: SQLite 和 PostgreSQL 文档里讲了 JSON 数据类型的功能吗？...
  [148/150] noanswer-053: Vue 或 React 文档里有状态管理库（Pinia/Redux）的章节吗？...
  [149/150] noanswer-054: 语料中有关于 Git 版本控制的内容吗？...
  [150/150] noanswer-055: 语料中有关于云部署（cloud deployment）的内容吗？...
[sealed] results/answer-level/m2-baseline-2026-08-30

============================================================
  Mneme Generation Evaluation Report
============================================================

  Cases: 150 (refusal: 28)

  Citation Quality:
    ID validity avg           0.6067
    Precision avg             0.0300
    Recall avg                0.0322

  Faithfulness:
    Faithfulness avg          0.5411

  Refusal:
    Refusal precision         0.3929
    False refusal rate        0.3934

  Timing:
    Total avg (ms)            1414.1
    Retrieval avg (ms)        0.0
    Generation avg (ms)       1414.1

============================================================
